// Jest Snapshot v1, https://goo.gl/fbAQLP

exports[`testing PaginatedItems component should render the PaginatedItems component 1`] = `
Object {
  "asFragment": [Function],
  "baseElement": <body>
    <div>
      <div
        class="cities"
      >
        <div
          class="city-list"
        />
        <ul
          aria-label="Pagination"
          class="pagination"
          role="navigation"
        >
          <li
            class="previous disabled"
          >
            <a
              aria-disabled="true"
              aria-label="Previous page"
              class=" "
              rel="prev"
              role="button"
              tabindex="-1"
            >
              &lt; previous
            </a>
          </li>
          <li
            class="next"
          >
            <a
              aria-disabled="false"
              aria-label="Next page"
              class=""
              rel="next"
              role="button"
              tabindex="0"
            >
              next &gt;
            </a>
          </li>
        </ul>
      </div>
    </div>
  </body>,
  "container": <div>
    <div
      class="cities"
    >
      <div
        class="city-list"
      />
      <ul
        aria-label="Pagination"
        class="pagination"
        role="navigation"
      >
        <li
          class="previous disabled"
        >
          <a
            aria-disabled="true"
            aria-label="Previous page"
            class=" "
            rel="prev"
            role="button"
            tabindex="-1"
          >
            &lt; previous
          </a>
        </li>
        <li
          class="next"
        >
          <a
            aria-disabled="false"
            aria-label="Next page"
            class=""
            rel="next"
            role="button"
            tabindex="0"
          >
            next &gt;
          </a>
        </li>
      </ul>
    </div>
  </div>,
  "debug": [Function],
  "findAllByAltText": [Function],
  "findAllByDisplayValue": [Function],
  "findAllByLabelText": [Function],
  "findAllByPlaceholderText": [Function],
  "findAllByRole": [Function],
  "findAllByTestId": [Function],
  "findAllByText": [Function],
  "findAllByTitle": [Function],
  "findByAltText": [Function],
  "findByDisplayValue": [Function],
  "findByLabelText": [Function],
  "findByPlaceholderText": [Function],
  "findByRole": [Function],
  "findByTestId": [Function],
  "findByText": [Function],
  "findByTitle": [Function],
  "getAllByAltText": [Function],
  "getAllByDisplayValue": [Function],
  "getAllByLabelText": [Function],
  "getAllByPlaceholderText": [Function],
  "getAllByRole": [Function],
  "getAllByTestId": [Function],
  "getAllByText": [Function],
  "getAllByTitle": [Function],
  "getByAltText": [Function],
  "getByDisplayValue": [Function],
  "getByLabelText": [Function],
  "getByPlaceholderText": [Function],
  "getByRole": [Function],
  "getByTestId": [Function],
  "getByText": [Function],
  "getByTitle": [Function],
  "queryAllByAltText": [Function],
  "queryAllByDisplayValue": [Function],
  "queryAllByLabelText": [Function],
  "queryAllByPlaceholderText": [Function],
  "queryAllByRole": [Function],
  "queryAllByTestId": [Function],
  "queryAllByText": [Function],
  "queryAllByTitle": [Function],
  "queryByAltText": [Function],
  "queryByDisplayValue": [Function],
  "queryByLabelText": [Function],
  "queryByPlaceholderText": [Function],
  "queryByRole": [Function],
  "queryByTestId": [Function],
  "queryByText": [Function],
  "queryByTitle": [Function],
  "rerender": [Function],
  "unmount": [Function],
}
`;
